> Task :app:preBuild UP-TO-DATE
> Task :app:preDebugBuild UP-TO-DATE
> Task :app:mergeDebugNativeDebugMetadata NO-SOURCE
> Task :app:javaPreCompileDebug UP-TO-DATE
> Task :app:checkDebugAarMetadata UP-TO-DATE
> Task :app:generateDebugResValues UP-TO-DATE
> Task :app:mapDebugSourceSetPaths UP-TO-DATE
> Task :app:generateDebugResources UP-TO-DATE
> Task :app:mergeDebugResources UP-TO-DATE
> Task :app:packageDebugResources UP-TO-DATE
> Task :app:parseDebugLocalResources UP-TO-DATE
> Task :app:createDebugCompatibleScreenManifests UP-TO-DATE
> Task :app:extractDeepLinksDebug UP-TO-DATE
> Task :app:processDebugMainManifest UP-TO-DATE
> Task :app:processDebugManifest UP-TO-DATE
> Task :app:processDebugManifestForPackage UP-TO-DATE
> Task :app:processDebugResources UP-TO-DATE

> Task :app:compileDebugJavaWithJavac
.\gradlew : D:\college\sem 6\flyer 
bus\Beebus\app\src\main\java\com\busbooking\app\activities\AddScheduleActivity.java:23: error: cannot find symbol
At line:1 char:1
+ .\gradlew assembleDebug --stacktrace > build_output.txt 2>&1
+ ~~~~~~~~~~~~~~~~~~~~~~~~~~~~~~~~~~~~~~~~~~~~~~~~~~~~~~~~~~~~
    + CategoryInfo          : NotSpecified: (D:\college\sem ...not find symbol:String) [], RemoteException
    + FullyQualifiedErrorId : NativeCommandError
 
public class AddScheduleActivity extends AppCompatActivity {
                                         ^
  symbol: class AppCompatActivity
D:\college\sem 6\flyer bus\Beebus\app\src\main\java\com\busbooking\app\activities\AddScheduleActivity.java:36: error: 
method does not override or implement a method from a supertype
    @Override
    ^
D:\college\sem 6\flyer bus\Beebus\app\src\main\java\com\busbooking\app\activities\AddScheduleActivity.java:38: error: 
cannot find symbol
        super.onCreate(savedInstanceState);
        ^
  symbol:   variable super
  location: class AddScheduleActivity
D:\college\sem 6\flyer bus\Beebus\app\src\main\java\com\busbooking\app\activities\AddScheduleActivity.java:39: error: 
cannot find symbol
        setContentView(R.layout.activity_add_schedule);
        ^
  symbol:   method setContentView(int)
  location: class AddScheduleActivity
D:\college\sem 6\flyer bus\Beebus\app\src\main\java\com\busbooking\app\activities\AddScheduleActivity.java:49: error: 
cannot find symbol
        spinnerBus = findViewById(R.id.spinner_bus);
                     ^
  symbol:   method findViewById(int)
  location: class AddScheduleActivity
D:\college\sem 6\flyer bus\Beebus\app\src\main\java\com\busbooking\app\activities\AddScheduleActivity.java:50: error: 
cannot find symbol
        spinnerRoute = findViewById(R.id.spinner_route);
                       ^
  symbol:   method findViewById(int)
  location: class AddScheduleActivity
D:\college\sem 6\flyer bus\Beebus\app\src\main\java\com\busbooking\app\activities\AddScheduleActivity.java:51: error: 
cannot find symbol
        etTravelDate = findViewById(R.id.et_travel_date);
                       ^
  symbol:   method findViewById(int)
  location: class AddScheduleActivity
D:\college\sem 6\flyer bus\Beebus\app\src\main\java\com\busbooking\app\activities\AddScheduleActivity.java:52: error: 
cannot find symbol
        etDepartureTime = findViewById(R.id.et_departure_time);
                          ^
  symbol:   method findViewById(int)
  location: class AddScheduleActivity
D:\college\sem 6\flyer bus\Beebus\app\src\main\java\com\busbooking\app\activities\AddScheduleActivity.java:53: error: 
cannot find symbol
        etArrivalTime = findViewById(R.id.et_arrival_time);
                        ^
  symbol:   method findViewById(int)
  location: class AddScheduleActivity
D:\college\sem 6\flyer bus\Beebus\app\src\main\java\com\busbooking\app\activities\AddScheduleActivity.java:54: error: 
cannot find symbol
        etPrice = findViewById(R.id.et_price);
                  ^
  symbol:   method findViewById(int)
  location: class AddScheduleActivity
D:\college\sem 6\flyer bus\Beebus\app\src\main\java\com\busbooking\app\activities\AddScheduleActivity.java:55: error: 
cannot find symbol
        etBoardingPoints = findViewById(R.id.et_boarding_points);
                           ^
  symbol:   method findViewById(int)
  location: class AddScheduleActivity
D:\college\sem 6\flyer bus\Beebus\app\src\main\java\com\busbooking\app\activities\AddScheduleActivity.java:56: error: 
cannot find symbol
        etDroppingPoints = findViewById(R.id.et_dropping_points);
                           ^
  symbol:   method findViewById(int)
  location: class AddScheduleActivity
D:\college\sem 6\flyer bus\Beebus\app\src\main\java\com\busbooking\app\activities\AddScheduleActivity.java:57: error: 
cannot find symbol
        btnAddSchedule = findViewById(R.id.btn_add_schedule);
                         ^
  symbol:   method findViewById(int)
  location: class AddScheduleActivity
D:\college\sem 6\flyer bus\Beebus\app\src\main\java\com\busbooking\app\activities\AddScheduleActivity.java:61: error: 
incompatible types: AddScheduleActivity cannot be converted to ViewModelStoreOwner
        adminViewModel = new ViewModelProvider(this).get(AdminViewModel.class);
                                               ^
D:\college\sem 6\flyer bus\Beebus\app\src\main\java\com\busbooking\app\activities\AddScheduleActivity.java:69: error: 
cannot find symbol
        findViewById(R.id.btn_back).setOnClickListener(v -> finish());
        ^
  symbol:   method findViewById(int)
  location: class AddScheduleActivity
D:\college\sem 6\flyer bus\Beebus\app\src\main\java\com\busbooking\app\activities\AddScheduleActivity.java:69: error: 
cannot find symbol
        findViewById(R.id.btn_back).setOnClickListener(v -> finish());
                                                            ^
  symbol:   method finish()
  location: class AddScheduleActivity
D:\college\sem 6\flyer bus\Beebus\app\src\main\java\com\busbooking\app\activities\AddScheduleActivity.java:73: error: 
incompatible types: AddScheduleActivity cannot be converted to LifecycleOwner
        adminViewModel.getBusList().observe(this, buses -> {
                                            ^
D:\college\sem 6\flyer bus\Beebus\app\src\main\java\com\busbooking\app\activities\AddScheduleActivity.java:74: error: 
cannot find symbol
            if (buses != null && !buses.isEmpty()) {
                                       ^
  symbol:   method isEmpty()
  location: variable buses of type T
  where T is a type-variable:
    T extends Object declared in class LiveData
D:\college\sem 6\flyer bus\Beebus\app\src\main\java\com\busbooking\app\activities\AddScheduleActivity.java:75: error: 
incompatible types: T cannot be converted to List<BusData>
                busList = buses;
                          ^
  where T is a type-variable:
    T extends Object declared in class LiveData
D:\college\sem 6\flyer bus\Beebus\app\src\main\java\com\busbooking\app\activities\AddScheduleActivity.java:77: error: 
for-each not applicable to expression type
                for (BusData bus : buses) {
                                   ^
  required: array or java.lang.Iterable
  found:    T
  where T is a type-variable:
    T extends Object declared in class LiveData
D:\college\sem 6\flyer bus\Beebus\app\src\main\java\com\busbooking\app\activities\AddScheduleActivity.java:80: error: 
cannot infer type arguments for ArrayAdapter<>
                ArrayAdapter<String> adapter = new ArrayAdapter<>(this,
                                               ^
D:\college\sem 6\flyer bus\Beebus\app\src\main\java\com\busbooking\app\activities\AddScheduleActivity.java:86: error: 
incompatible types: AddScheduleActivity cannot be converted to LifecycleOwner
        adminViewModel.getRouteList().observe(this, routes -> {
                                              ^
D:\college\sem 6\flyer bus\Beebus\app\src\main\java\com\busbooking\app\activities\AddScheduleActivity.java:87: error: 
cannot find symbol
            if (routes != null && !routes.isEmpty()) {
                                         ^
  symbol:   method isEmpty()
  location: variable routes of type T
  where T is a type-variable:
    T extends Object declared in class LiveData
D:\college\sem 6\flyer bus\Beebus\app\src\main\java\com\busbooking\app\activities\AddScheduleActivity.java:88: error: 
incompatible types: T cannot be converted to List<RouteData>
                routeList = routes;
                            ^
  where T is a type-variable:
    T extends Object declared in class LiveData
D:\college\sem 6\flyer bus\Beebus\app\src\main\java\com\busbooking\app\activities\AddScheduleActivity.java:90: error: 
for-each not applicable to expression type
                for (RouteData route : routes) {
                                       ^
  required: array or java.lang.Iterable
  found:    T
  where T is a type-variable:
    T extends Object declared in class LiveData
D:\college\sem 6\flyer bus\Beebus\app\src\main\java\com\busbooking\app\activities\AddScheduleActivity.java:93: error: 
cannot infer type arguments for ArrayAdapter<>
                ArrayAdapter<String> adapter = new ArrayAdapter<>(this,
                                               ^
D:\college\sem 6\flyer bus\Beebus\app\src\main\java\com\busbooking\app\activities\AddScheduleActivity.java:99: error: 
incompatible types: AddScheduleActivity cannot be converted to LifecycleOwner
        adminViewModel.getIsLoading().observe(this, isLoading -> {
                                              ^
D:\college\sem 6\flyer bus\Beebus\app\src\main\java\com\busbooking\app\activities\AddScheduleActivity.java:100: 
error: bad operand type T for unary operator '!'
            btnAddSchedule.setEnabled(!isLoading);
                                      ^

> Task :app:compileDebugJavaWithJavac FAILED
  where T is a type-variable:
    T extends Object declared in class LiveData
D:\college\sem 6\flyer bus\Beebus\app\src\main\java\com\busbooking\app\activities\AddScheduleActivity.java:101: 
error: incompatible types: T cannot be converted to boolean
            btnAddSchedule.setText(isLoading ? "Adding..." : "Add Schedule");
                                   ^
  where T is a type-variable:
    T extends Object declared in class LiveData
D:\college\sem 6\flyer bus\Beebus\app\src\main\java\com\busbooking\app\activities\AddScheduleActivity.java:104: 
error: incompatible types: AddScheduleActivity cannot be converted to LifecycleOwner
        adminViewModel.getSuccessMessage().observe(this, message -> {
                                                   ^
D:\college\sem 6\flyer bus\Beebus\app\src\main\java\com\busbooking\app\activities\AddScheduleActivity.java:106: 
error: no suitable method found for makeText(AddScheduleActivity,T,int)
                Toast.makeText(this, message, Toast.LENGTH_SHORT).show();
                     ^
    method Toast.makeText(Context,CharSequence,int) is not applicable
      (argument mismatch; AddScheduleActivity cannot be converted to Context)
    method Toast.makeText(Context,int,int) is not applicable
      (argument mismatch; AddScheduleActivity cannot be converted to Context)
  where T is a type-variable:
    T extends Object declared in class LiveData
D:\college\sem 6\flyer bus\Beebus\app\src\main\java\com\busbooking\app\activities\AddScheduleActivity.java:108: 
error: cannot find symbol
                finish();
                ^
  symbol:   method finish()
  location: class AddScheduleActivity
D:\college\sem 6\flyer bus\Beebus\app\src\main\java\com\busbooking\app\activities\AddScheduleActivity.java:112: 
error: incompatible types: AddScheduleActivity cannot be converted to LifecycleOwner
        adminViewModel.getErrorMessage().observe(this, error -> {
                                                 ^
D:\college\sem 6\flyer bus\Beebus\app\src\main\java\com\busbooking\app\activities\AddScheduleActivity.java:114: 
error: no suitable method found for makeText(AddScheduleActivity,T,int)
                Toast.makeText(this, error, Toast.LENGTH_LONG).show();
                     ^
    method Toast.makeText(Context,CharSequence,int) is not applicable
      (argument mismatch; AddScheduleActivity cannot be converted to Context)
    method Toast.makeText(Context,int,int) is not applicable
      (argument mismatch; AddScheduleActivity cannot be converted to Context)
  where T is a type-variable:
    T extends Object declared in class LiveData
D:\college\sem 6\flyer bus\Beebus\app\src\main\java\com\busbooking\app\activities\AddScheduleActivity.java:121: 
error: incompatible types: AddScheduleActivity cannot be converted to Context
        SessionManager sessionManager = SessionManager.getInstance(this);
                                                                   ^
D:\college\sem 6\flyer bus\Beebus\app\src\main\java\com\busbooking\app\activities\AddScheduleActivity.java:131: 
error: incompatible types: AddScheduleActivity cannot be converted to Context
        DatePickerDialog dialog = new DatePickerDialog(this, (view, year, month, day) -> {
                                                       ^
D:\college\sem 6\flyer bus\Beebus\app\src\main\java\com\busbooking\app\activities\AddScheduleActivity.java:140: 
error: incompatible types: AddScheduleActivity cannot be converted to Context
        TimePickerDialog dialog = new TimePickerDialog(this, (view, hour, minute) -> {
                                                       ^
D:\college\sem 6\flyer bus\Beebus\app\src\main\java\com\busbooking\app\activities\AddScheduleActivity.java:150: 
error: no suitable method found for makeText(AddScheduleActivity,String,int)
            Toast.makeText(this, "No buses available. Add a bus first.", Toast.LENGTH_SHORT).show();
                 ^
    method Toast.makeText(Context,CharSequence,int) is not applicable
      (argument mismatch; AddScheduleActivity cannot be converted to Context)
    method Toast.makeText(Context,int,int) is not applicable
      (argument mismatch; AddScheduleActivity cannot be converted to Context)
D:\college\sem 6\flyer bus\Beebus\app\src\main\java\com\busbooking\app\activities\AddScheduleActivity.java:154: 
error: no suitable method found for makeText(AddScheduleActivity,String,int)
            Toast.makeText(this, "No routes available. Add a route first.", Toast.LENGTH_SHORT).show();
                 ^
    method Toast.makeText(Context,CharSequence,int) is not applicable
      (argument mismatch; AddScheduleActivity cannot be converted to Context)
    method Toast.makeText(Context,int,int) is not applicable
      (argument mismatch; AddScheduleActivity cannot be converted to Context)
D:\college\sem 6\flyer bus\Beebus\app\src\main\java\com\busbooking\app\activities\AddScheduleActivity.java:166: 
error: no suitable method found for makeText(AddScheduleActivity,String,int)
            Toast.makeText(this, "Select travel date", Toast.LENGTH_SHORT).show();
                 ^
    method Toast.makeText(Context,CharSequence,int) is not applicable
      (argument mismatch; AddScheduleActivity cannot be converted to Context)
    method Toast.makeText(Context,int,int) is not applicable
      (argument mismatch; AddScheduleActivity cannot be converted to Context)
D:\college\sem 6\flyer bus\Beebus\app\src\main\java\com\busbooking\app\activities\AddScheduleActivity.java:170: 
error: no suitable method found for makeText(AddScheduleActivity,String,int)
            Toast.makeText(this, "Select departure time", Toast.LENGTH_SHORT).show();
                 ^
    method Toast.makeText(Context,CharSequence,int) is not applicable
      (argument mismatch; AddScheduleActivity cannot be converted to Context)
    method Toast.makeText(Context,int,int) is not applicable
      (argument mismatch; AddScheduleActivity cannot be converted to Context)
D:\college\sem 6\flyer bus\Beebus\app\src\main\java\com\busbooking\app\activities\AddScheduleActivity.java:174: 
error: no suitable method found for makeText(AddScheduleActivity,String,int)
            Toast.makeText(this, "Select arrival time", Toast.LENGTH_SHORT).show();
                 ^
    method Toast.makeText(Context,CharSequence,int) is not applicable
      (argument mismatch; AddScheduleActivity cannot be converted to Context)
    method Toast.makeText(Context,int,int) is not applicable
      (argument mismatch; AddScheduleActivity cannot be converted to Context)
Note: Some input files use or override a deprecated API.
Note: Recompile with -Xlint:deprecation for details.
Note: Some messages have been simplified; recompile with -Xdiags:verbose to get full output
42 errors

FAILURE: Build failed with an exception.

* What went wrong:
Execution failed for task ':app:compileDebugJavaWithJavac'.
> Compilation failed; see the compiler error output for details.

* Try:
> Run with --info option to get more log output.
> Run with --scan to get full insights.

* Exception is:
org.gradle.api.tasks.TaskExecutionException: Execution failed for task ':app:compileDebugJavaWithJavac'.
	at org.gradle.api.internal.tasks.execution.ExecuteActionsTaskExecuter.lambda$executeIfValid$1(ExecuteActionsTaskExecu
ter.java:130)
	at org.gradle.internal.Try$Failure.ifSuccessfulOrElse(Try.java:293)
	at 
org.gradle.api.internal.tasks.execution.ExecuteActionsTaskExecuter.executeIfValid(ExecuteActionsTaskExecuter.java:128)
	at org.gradle.api.internal.tasks.execution.ExecuteActionsTaskExecuter.execute(ExecuteActionsTaskExecuter.java:116)
	at 
org.gradle.api.internal.tasks.execution.FinalizePropertiesTaskExecuter.execute(FinalizePropertiesTaskExecuter.java:46)
	at org.gradle.api.internal.tasks.execution.ResolveTaskExecutionModeExecuter.execute(ResolveTaskExecutionModeExecuter.
java:51)
	at 
org.gradle.api.internal.tasks.execution.SkipTaskWithNoActionsExecuter.execute(SkipTaskWithNoActionsExecuter.java:57)
	at org.gradle.api.internal.tasks.execution.SkipOnlyIfTaskExecuter.execute(SkipOnlyIfTaskExecuter.java:74)
	at org.gradle.api.internal.tasks.execution.CatchExceptionTaskExecuter.execute(CatchExceptionTaskExecuter.java:36)
	at org.gradle.api.internal.tasks.execution.EventFiringTaskExecuter$1.executeTask(EventFiringTaskExecuter.java:77)
	at org.gradle.api.internal.tasks.execution.EventFiringTaskExecuter$1.call(EventFiringTaskExecuter.java:55)
	at org.gradle.api.internal.tasks.execution.EventFiringTaskExecuter$1.call(EventFiringTaskExecuter.java:52)
	at org.gradle.internal.operations.DefaultBuildOperationRunner$CallableBuildOperationWorker.execute(DefaultBuildOperat
ionRunner.java:209)
	at org.gradle.internal.operations.DefaultBuildOperationRunner$CallableBuildOperationWorker.execute(DefaultBuildOperat
ionRunner.java:204)
	at org.gradle.internal.operations.DefaultBuildOperationRunner$2.execute(DefaultBuildOperationRunner.java:66)
	at org.gradle.internal.operations.DefaultBuildOperationRunner$2.execute(DefaultBuildOperationRunner.java:59)
	at org.gradle.internal.operations.DefaultBuildOperationRunner.execute(DefaultBuildOperationRunner.java:166)
	at org.gradle.internal.operations.DefaultBuildOperationRunner.execute(DefaultBuildOperationRunner.java:59)
	at org.gradle.internal.operations.DefaultBuildOperationRunner.call(DefaultBuildOperationRunner.java:53)
	at org.gradle.api.internal.tasks.execution.EventFiringTaskExecuter.execute(EventFiringTaskExecuter.java:52)
	at org.gradle.execution.plan.LocalTaskNodeExecutor.execute(LocalTaskNodeExecutor.java:42)
	at org.gradle.execution.taskgraph.DefaultTaskExecutionGraph$InvokeNodeExecutorsAction.execute(DefaultTaskExecutionGra
ph.java:331)
	at org.gradle.execution.taskgraph.DefaultTaskExecutionGraph$InvokeNodeExecutorsAction.execute(DefaultTaskExecutionGra
ph.java:318)
	at org.gradle.execution.taskgraph.DefaultTaskExecutionGraph$BuildOperationAwareExecutionAction.lambda$execute$0(Defau
ltTaskExecutionGraph.java:314)
	at org.gradle.internal.operations.CurrentBuildOperationRef.with(CurrentBuildOperationRef.java:85)
	at org.gradle.execution.taskgraph.DefaultTaskExecutionGraph$BuildOperationAwareExecutionAction.execute(DefaultTaskExe
cutionGraph.java:314)
	at org.gradle.execution.taskgraph.DefaultTaskExecutionGraph$BuildOperationAwareExecutionAction.execute(DefaultTaskExe
cutionGraph.java:303)
	at org.gradle.execution.plan.DefaultPlanExecutor$ExecutorWorker.execute(DefaultPlanExecutor.java:459)
	at org.gradle.execution.plan.DefaultPlanExecutor$ExecutorWorker.run(DefaultPlanExecutor.java:376)
	at org.gradle.internal.concurrent.ExecutorPolicy$CatchAndRecordFailures.onExecute(ExecutorPolicy.java:64)
	at org.gradle.internal.concurrent.AbstractManagedExecutor$1.run(AbstractManagedExecutor.java:48)
Caused by: org.gradle.api.internal.tasks.compile.CompilationFailedException: Compilation failed; see the compiler 
error output for details.
	at org.gradle.api.internal.tasks.compile.JdkJavaCompiler.execute(JdkJavaCompiler.java:79)
	at org.gradle.api.internal.tasks.compile.JdkJavaCompiler.execute(JdkJavaCompiler.java:46)
	at 
org.gradle.api.internal.tasks.compile.NormalizingJavaCompiler.delegateAndHandleErrors(NormalizingJavaCompiler.java:98)
	at org.gradle.api.internal.tasks.compile.NormalizingJavaCompiler.execute(NormalizingJavaCompiler.java:52)
	at org.gradle.api.internal.tasks.compile.NormalizingJavaCompiler.execute(NormalizingJavaCompiler.java:38)
	at org.gradle.api.internal.tasks.compile.AnnotationProcessorDiscoveringCompiler.execute(AnnotationProcessorDiscoverin
gCompiler.java:52)
	at org.gradle.api.internal.tasks.compile.AnnotationProcessorDiscoveringCompiler.execute(AnnotationProcessorDiscoverin
gCompiler.java:38)
	at org.gradle.api.internal.tasks.compile.ModuleApplicationNameWritingCompiler.execute(ModuleApplicationNameWritingCom
piler.java:46)
	at org.gradle.api.internal.tasks.compile.ModuleApplicationNameWritingCompiler.execute(ModuleApplicationNameWritingCom
piler.java:36)
	at org.gradle.jvm.toolchain.internal.DefaultToolchainJavaCompiler.execute(DefaultToolchainJavaCompiler.java:57)
	at org.gradle.api.tasks.compile.JavaCompile.lambda$createToolchainCompiler$3(JavaCompile.java:202)
	at org.gradle.api.internal.tasks.compile.incremental.SelectiveCompiler.lambda$execute$0(SelectiveCompiler.java:101)
	at 
org.gradle.api.internal.tasks.compile.incremental.transaction.CompileTransaction.execute(CompileTransaction.java:108)
	at org.gradle.api.internal.tasks.compile.incremental.SelectiveCompiler.execute(SelectiveCompiler.java:95)
	at org.gradle.api.internal.tasks.compile.incremental.SelectiveCompiler.execute(SelectiveCompiler.java:44)
	at org.gradle.api.internal.tasks.compile.incremental.IncrementalResultStoringCompiler.execute(IncrementalResultStorin
gCompiler.java:66)
	at org.gradle.api.internal.tasks.compile.incremental.IncrementalResultStoringCompiler.execute(IncrementalResultStorin
gCompiler.java:52)
	at org.gradle.api.internal.tasks.compile.CompileJavaBuildOperationReportingCompiler$1.call(CompileJavaBuildOperationR
eportingCompiler.java:64)
	at org.gradle.api.internal.tasks.compile.CompileJavaBuildOperationReportingCompiler$1.call(CompileJavaBuildOperationR
eportingCompiler.java:48)
	at org.gradle.internal.operations.DefaultBuildOperationRunner$CallableBuildOperationWorker.execute(DefaultBuildOperat
ionRunner.java:209)
	at org.gradle.internal.operations.DefaultBuildOperationRunner$CallableBuildOperationWorker.execute(DefaultBuildOperat
ionRunner.java:204)
	at org.gradle.internal.operations.DefaultBuildOperationRunner$2.execute(DefaultBuildOperationRunner.java:66)
	at org.gradle.internal.operations.DefaultBuildOperationRunner$2.execute(DefaultBuildOperationRunner.java:59)
	at org.gradle.internal.operations.DefaultBuildOperationRunner.execute(DefaultBuildOperationRunner.java:166)
	at org.gradle.internal.operations.DefaultBuildOperationRunner.execute(DefaultBuildOperationRunner.java:59)
	at org.gradle.internal.operations.DefaultBuildOperationRunner.call(DefaultBuildOperationRunner.java:53)
	at org.gradle.api.internal.tasks.compile.CompileJavaBuildOperationReportingCompiler.execute(CompileJavaBuildOperation
ReportingCompiler.java:48)
	at org.gradle.api.tasks.compile.JavaCompile.performCompilation(JavaCompile.java:220)
	at org.gradle.api.tasks.compile.JavaCompile.performIncrementalCompilation(JavaCompile.java:161)
	at org.gradle.api.tasks.compile.JavaCompile.compile(JavaCompile.java:146)
	at java.base/jdk.internal.reflect.DirectMethodHandleAccessor.invoke(DirectMethodHandleAccessor.java:103)
	at org.gradle.internal.reflect.JavaMethod.invoke(JavaMethod.java:125)
	at org.gradle.api.internal.project.taskfactory.IncrementalTaskAction.doExecute(IncrementalTaskAction.java:45)
	at org.gradle.api.internal.project.taskfactory.StandardTaskAction.execute(StandardTaskAction.java:51)
	at org.gradle.api.internal.project.taskfactory.IncrementalTaskAction.execute(IncrementalTaskAction.java:26)
	at org.gradle.api.internal.project.taskfactory.StandardTaskAction.execute(StandardTaskAction.java:29)
	at org.gradle.api.internal.tasks.execution.TaskExecution$3.run(TaskExecution.java:244)
	at org.gradle.internal.operations.DefaultBuildOperationRunner$1.execute(DefaultBuildOperationRunner.java:29)
	at org.gradle.internal.operations.DefaultBuildOperationRunner$1.execute(DefaultBuildOperationRunner.java:26)
	at org.gradle.internal.operations.DefaultBuildOperationRunner$2.execute(DefaultBuildOperationRunner.java:66)
	at org.gradle.internal.operations.DefaultBuildOperationRunner$2.execute(DefaultBuildOperationRunner.java:59)
	at org.gradle.internal.operations.DefaultBuildOperationRunner.execute(DefaultBuildOperationRunner.java:166)
	at org.gradle.internal.operations.DefaultBuildOperationRunner.execute(DefaultBuildOperationRunner.java:59)
	at org.gradle.internal.operations.DefaultBuildOperationRunner.run(DefaultBuildOperationRunner.java:47)
	at org.gradle.api.internal.tasks.execution.TaskExecution.executeAction(TaskExecution.java:229)
	at org.gradle.api.internal.tasks.execution.TaskExecution.executeActions(TaskExecution.java:212)
	at org.gradle.api.internal.tasks.execution.TaskExecution.executeWithPreviousOutputFiles(TaskExecution.java:195)
	at org.gradle.api.internal.tasks.execution.TaskExecution.execute(TaskExecution.java:162)
	at org.gradle.internal.execution.steps.ExecuteStep.executeInternal(ExecuteStep.java:105)
	at org.gradle.internal.execution.steps.ExecuteStep.access$000(ExecuteStep.java:44)
	at org.gradle.internal.execution.steps.ExecuteStep$1.call(ExecuteStep.java:59)
	at org.gradle.internal.execution.steps.ExecuteStep$1.call(ExecuteStep.java:56)
	at org.gradle.internal.operations.DefaultBuildOperationRunner$CallableBuildOperationWorker.execute(DefaultBuildOperat
ionRunner.java:209)
	at org.gradle.internal.operations.DefaultBuildOperationRunner$CallableBuildOperationWorker.execute(DefaultBuildOperat
ionRunner.java:204)
	at org.gradle.internal.operations.DefaultBuildOperationRunner$2.execute(DefaultBuildOperationRunner.java:66)
	at org.gradle.internal.operations.DefaultBuildOperationRunner$2.execute(DefaultBuildOperationRunner.java:59)
	at org.gradle.internal.operations.DefaultBuildOperationRunner.execute(DefaultBuildOperationRunner.java:166)
	at org.gradle.internal.operations.DefaultBuildOperationRunner.execute(DefaultBuildOperationRunner.java:59)
	at org.gradle.internal.operations.DefaultBuildOperationRunner.call(DefaultBuildOperationRunner.java:53)
	at org.gradle.internal.execution.steps.ExecuteStep.execute(ExecuteStep.java:56)
	at org.gradle.internal.execution.steps.ExecuteStep.execute(ExecuteStep.java:44)
	at org.gradle.internal.execution.steps.CancelExecutionStep.execute(CancelExecutionStep.java:42)
	at org.gradle.internal.execution.steps.TimeoutStep.executeWithoutTimeout(TimeoutStep.java:75)
	at org.gradle.internal.execution.steps.TimeoutStep.execute(TimeoutStep.java:55)
	at org.gradle.internal.execution.steps.PreCreateOutputParentsStep.execute(PreCreateOutputParentsStep.java:50)
	at org.gradle.internal.execution.steps.PreCreateOutputParentsStep.execute(PreCreateOutputParentsStep.java:28)
	at org.gradle.internal.execution.steps.RemovePreviousOutputsStep.execute(RemovePreviousOutputsStep.java:67)
	at org.gradle.internal.execution.steps.RemovePreviousOutputsStep.execute(RemovePreviousOutputsStep.java:37)
	at org.gradle.internal.execution.steps.BroadcastChangingOutputsStep.execute(BroadcastChangingOutputsStep.java:61)
	at org.gradle.internal.execution.steps.BroadcastChangingOutputsStep.execute(BroadcastChangingOutputsStep.java:26)
	at 
org.gradle.internal.execution.steps.CaptureOutputsAfterExecutionStep.execute(CaptureOutputsAfterExecutionStep.java:69)
	at 
org.gradle.internal.execution.steps.CaptureOutputsAfterExecutionStep.execute(CaptureOutputsAfterExecutionStep.java:46)
	at org.gradle.internal.execution.steps.ResolveInputChangesStep.execute(ResolveInputChangesStep.java:40)
	at org.gradle.internal.execution.steps.ResolveInputChangesStep.execute(ResolveInputChangesStep.java:29)
	at org.gradle.internal.execution.steps.BuildCacheStep.executeWithoutCache(BuildCacheStep.java:189)
	at org.gradle.internal.execution.steps.BuildCacheStep.lambda$execute$1(BuildCacheStep.java:75)
	at org.gradle.internal.Either$Right.fold(Either.java:175)
	at org.gradle.internal.execution.caching.CachingState.fold(CachingState.java:62)
	at org.gradle.internal.execution.steps.BuildCacheStep.execute(BuildCacheStep.java:73)
	at org.gradle.internal.execution.steps.BuildCacheStep.execute(BuildCacheStep.java:48)
	at org.gradle.internal.execution.steps.StoreExecutionStateStep.execute(StoreExecutionStateStep.java:46)
	at org.gradle.internal.execution.steps.StoreExecutionStateStep.execute(StoreExecutionStateStep.java:35)
	at org.gradle.internal.execution.steps.SkipUpToDateStep.executeBecause(SkipUpToDateStep.java:75)
	at org.gradle.internal.execution.steps.SkipUpToDateStep.lambda$execute$2(SkipUpToDateStep.java:53)
	at org.gradle.internal.execution.steps.SkipUpToDateStep.execute(SkipUpToDateStep.java:53)
	at org.gradle.internal.execution.steps.SkipUpToDateStep.execute(SkipUpToDateStep.java:35)
	at org.gradle.internal.execution.steps.legacy.MarkSnapshottingInputsFinishedStep.execute(MarkSnapshottingInputsFinish
edStep.java:37)
	at org.gradle.internal.execution.steps.legacy.MarkSnapshottingInputsFinishedStep.execute(MarkSnapshottingInputsFinish
edStep.java:27)
	at org.gradle.internal.execution.steps.ResolveIncrementalCachingStateStep.executeDelegate(ResolveIncrementalCachingSt
ateStep.java:49)
	at org.gradle.internal.execution.steps.ResolveIncrementalCachingStateStep.executeDelegate(ResolveIncrementalCachingSt
ateStep.java:27)
	at 
org.gradle.internal.execution.steps.AbstractResolveCachingStateStep.execute(AbstractResolveCachingStateStep.java:71)
	at 
org.gradle.internal.execution.steps.AbstractResolveCachingStateStep.execute(AbstractResolveCachingStateStep.java:39)
	at org.gradle.internal.execution.steps.ResolveChangesStep.execute(ResolveChangesStep.java:65)
	at org.gradle.internal.execution.steps.ResolveChangesStep.execute(ResolveChangesStep.java:36)
	at org.gradle.internal.execution.steps.ValidateStep.execute(ValidateStep.java:105)
	at org.gradle.internal.execution.steps.ValidateStep.execute(ValidateStep.java:54)
	at org.gradle.internal.execution.steps.AbstractCaptureStateBeforeExecutionStep.execute(AbstractCaptureStateBeforeExec
utionStep.java:64)
	at org.gradle.internal.execution.steps.AbstractCaptureStateBeforeExecutionStep.execute(AbstractCaptureStateBeforeExec
utionStep.java:43)
	at org.gradle.internal.execution.steps.AbstractSkipEmptyWorkStep.executeWithNonEmptySources(AbstractSkipEmptyWorkStep
.java:125)
	at org.gradle.internal.execution.steps.AbstractSkipEmptyWorkStep.execute(AbstractSkipEmptyWorkStep.java:61)
	at org.gradle.internal.execution.steps.AbstractSkipEmptyWorkStep.execute(AbstractSkipEmptyWorkStep.java:36)
	at org.gradle.internal.execution.steps.legacy.MarkSnapshottingInputsStartedStep.execute(MarkSnapshottingInputsStarted
Step.java:38)
	at org.gradle.internal.execution.steps.LoadPreviousExecutionStateStep.execute(LoadPreviousExecutionStateStep.java:36)
	at org.gradle.internal.execution.steps.LoadPreviousExecutionStateStep.execute(LoadPreviousExecutionStateStep.java:23)
	at org.gradle.internal.execution.steps.HandleStaleOutputsStep.execute(HandleStaleOutputsStep.java:75)
	at org.gradle.internal.execution.steps.HandleStaleOutputsStep.execute(HandleStaleOutputsStep.java:41)
	at 
org.gradle.internal.execution.steps.AssignMutableWorkspaceStep.lambda$execute$0(AssignMutableWorkspaceStep.java:35)
	at org.gradle.api.internal.tasks.execution.TaskExecution$4.withWorkspace(TaskExecution.java:289)
	at org.gradle.internal.execution.steps.AssignMutableWorkspaceStep.execute(AssignMutableWorkspaceStep.java:31)
	at org.gradle.internal.execution.steps.AssignMutableWorkspaceStep.execute(AssignMutableWorkspaceStep.java:22)
	at org.gradle.internal.execution.steps.ChoosePipelineStep.execute(ChoosePipelineStep.java:40)
	at org.gradle.internal.execution.steps.ChoosePipelineStep.execute(ChoosePipelineStep.java:23)
	at org.gradle.internal.execution.steps.ExecuteWorkBuildOperationFiringStep.lambda$execute$2(ExecuteWorkBuildOperation
FiringStep.java:67)
	at org.gradle.internal.execution.steps.ExecuteWorkBuildOperationFiringStep.execute(ExecuteWorkBuildOperationFiringSte
p.java:67)
	at org.gradle.internal.execution.steps.ExecuteWorkBuildOperationFiringStep.execute(ExecuteWorkBuildOperationFiringSte
p.java:39)
	at org.gradle.internal.execution.steps.IdentityCacheStep.execute(IdentityCacheStep.java:46)
	at org.gradle.internal.execution.steps.IdentityCacheStep.execute(IdentityCacheStep.java:34)
	at org.gradle.internal.execution.steps.IdentifyStep.execute(IdentifyStep.java:48)
	at org.gradle.internal.execution.steps.IdentifyStep.execute(IdentifyStep.java:35)
	at org.gradle.internal.execution.impl.DefaultExecutionEngine$1.execute(DefaultExecutionEngine.java:61)
	at 
org.gradle.api.internal.tasks.execution.ExecuteActionsTaskExecuter.executeIfValid(ExecuteActionsTaskExecuter.java:127)
	at org.gradle.api.internal.tasks.execution.ExecuteActionsTaskExecuter.execute(ExecuteActionsTaskExecuter.java:116)
	at 
org.gradle.api.internal.tasks.execution.FinalizePropertiesTaskExecuter.execute(FinalizePropertiesTaskExecuter.java:46)
	at org.gradle.api.internal.tasks.execution.ResolveTaskExecutionModeExecuter.execute(ResolveTaskExecutionModeExecuter.
java:51)
	at 
org.gradle.api.internal.tasks.execution.SkipTaskWithNoActionsExecuter.execute(SkipTaskWithNoActionsExecuter.java:57)
	at org.gradle.api.internal.tasks.execution.SkipOnlyIfTaskExecuter.execute(SkipOnlyIfTaskExecuter.java:74)
	at org.gradle.api.internal.tasks.execution.CatchExceptionTaskExecuter.execute(CatchExceptionTaskExecuter.java:36)
	at org.gradle.api.internal.tasks.execution.EventFiringTaskExecuter$1.executeTask(EventFiringTaskExecuter.java:77)
	at org.gradle.api.internal.tasks.execution.EventFiringTaskExecuter$1.call(EventFiringTaskExecuter.java:55)
	at org.gradle.api.internal.tasks.execution.EventFiringTaskExecuter$1.call(EventFiringTaskExecuter.java:52)
	at org.gradle.internal.operations.DefaultBuildOperationRunner$CallableBuildOperationWorker.execute(DefaultBuildOperat
ionRunner.java:209)
	at org.gradle.internal.operations.DefaultBuildOperationRunner$CallableBuildOperationWorker.execute(DefaultBuildOperat
ionRunner.java:204)
	at org.gradle.internal.operations.DefaultBuildOperationRunner$2.execute(DefaultBuildOperationRunner.java:66)
	at org.gradle.internal.operations.DefaultBuildOperationRunner$2.execute(DefaultBuildOperationRunner.java:59)
	at org.gradle.internal.operations.DefaultBuildOperationRunner.execute(DefaultBuildOperationRunner.java:166)
	at org.gradle.internal.operations.DefaultBuildOperationRunner.execute(DefaultBuildOperationRunner.java:59)
	at org.gradle.internal.operations.DefaultBuildOperationRunner.call(DefaultBuildOperationRunner.java:53)
	at org.gradle.api.internal.tasks.execution.EventFiringTaskExecuter.execute(EventFiringTaskExecuter.java:52)
15 actionable tasks: 1 executed, 14 up-to-date
	at org.gradle.execution.plan.LocalTaskNodeExecutor.execute(LocalTaskNodeExecutor.java:42)
	at org.gradle.execution.taskgraph.DefaultTaskExecutionGraph$InvokeNodeExecutorsAction.execute(DefaultTaskExecutionGra
ph.java:331)
	at org.gradle.execution.taskgraph.DefaultTaskExecutionGraph$InvokeNodeExecutorsAction.execute(DefaultTaskExecutionGra
ph.java:318)
	at org.gradle.execution.taskgraph.DefaultTaskExecutionGraph$BuildOperationAwareExecutionAction.lambda$execute$0(Defau
ltTaskExecutionGraph.java:314)
	at org.gradle.internal.operations.CurrentBuildOperationRef.with(CurrentBuildOperationRef.java:85)
	at org.gradle.execution.taskgraph.DefaultTaskExecutionGraph$BuildOperationAwareExecutionAction.execute(DefaultTaskExe
cutionGraph.java:314)
	at org.gradle.execution.taskgraph.DefaultTaskExecutionGraph$BuildOperationAwareExecutionAction.execute(DefaultTaskExe
cutionGraph.java:303)
	at org.gradle.execution.plan.DefaultPlanExecutor$ExecutorWorker.execute(DefaultPlanExecutor.java:459)
	at org.gradle.execution.plan.DefaultPlanExecutor$ExecutorWorker.run(DefaultPlanExecutor.java:376)
	at org.gradle.internal.concurrent.ExecutorPolicy$CatchAndRecordFailures.onExecute(ExecutorPolicy.java:64)
	at org.gradle.internal.concurrent.AbstractManagedExecutor$1.run(AbstractManagedExecutor.java:48)


BUILD FAILED in 4s
